---
source: crates/molscene-core/src/geometry.rs
expression: scene.to_geometry()
---
{
  "spheres": {
    "centers": [
      [
        0.0,
        0.0,
        0.0
      ],
      [
        1.5,
        0.0,
        0.0
      ],
      [
        0.0,
        0.0,
        0.0
      ],
      [
        1.5,
        0.0,
        0.0
      ]
    ],
    "radii": [
      1.7,
      1.7,
      0.25,
      0.25
    ],
    "colors": [
      [
        0.2,
        1.0,
        0.2
      ],
      [
        0.2,
        1.0,
        0.2
      ],
      [
        0.2,
        1.0,
        0.2
      ],
      [
        0.2,
        1.0,
        0.2
      ]
    ]
  },
  "cylinders": {
    "starts": [
      [
        0.0,
        0.0,
        0.0
      ],
      [
        0.75,
        0.0,
        0.0
      ]
    ],
    "ends": [
      [
        0.75,
        0.0,
        0.0
      ],
      [
        1.5,
        0.0,
        0.0
      ]
    ],
    "radii": [
      0.25,
      0.25
    ],
    "colors": [
      [
        0.2,
        1.0,
        0.2
      ],
      [
        0.2,
        1.0,
        0.2
      ]
    ]
  },
  "camera": {
    "center": [
      0.75,
      0.0,
      0.0
    ],
    "radius": 3.0
  },
  "background": [
    1.0,
    1.0,
    1.0
  ]
}
